
WARNING: apt does not have a stable CLI interface. Use with caution in scripts.

获取:1 http://mirrors.bfsu.edu.cn/ubuntu resolute-security InRelease [137 kB]
获取:2 http://mirrors.tuna.tsinghua.edu.cn/ubuntu resolute InRelease [136 kB]
获取:3 http://mirrors.bfsu.edu.cn/ubuntu resolute-security/main amd64 Packages [473 kB]
获取:4 http://mirrors.bfsu.edu.cn/ubuntu resolute-security/main Translation-en [111 kB]
获取:5 http://mirrors.tuna.tsinghua.edu.cn/ubuntu resolute-updates InRelease [137 kB]
获取:6 http://mirrors.bfsu.edu.cn/ubuntu resolute-security/main amd64 Components [46.6 kB]
获取:7 http://mirrors.bfsu.edu.cn/ubuntu resolute-security/main Icons (48x48) [20.8 kB]
获取:8 http://mirrors.bfsu.edu.cn/ubuntu resolute-security/main Icons (64x64) [29.3 kB]
获取:9 http://mirrors.bfsu.edu.cn/ubuntu resolute-security/main Icons (64x64@2) [29 B]
获取:10 http://mirrors.bfsu.edu.cn/ubuntu resolute-security/main amd64 c-n-f Metadata [4,616 B]
获取:11 http://mirrors.bfsu.edu.cn/ubuntu resolute-security/restricted amd64 Packages [399 kB]
获取:12 http://mirrors.tuna.tsinghua.edu.cn/ubuntu resolute-backports InRelease [137 kB]
获取:13 http://mirrors.bfsu.edu.cn/ubuntu resolute-security/restricted Translation-en [77.7 kB]
获取:14 http://mirrors.bfsu.edu.cn/ubuntu resolute-security/restricted amd64 Components [212 B]
获取:15 http://mirrors.bfsu.edu.cn/ubuntu resolute-security/restricted Icons (48x48) [29 B]
获取:16 http://mirrors.bfsu.edu.cn/ubuntu resolute-security/restricted Icons (64x64) [29 B]
获取:17 http://mirrors.bfsu.edu.cn/ubuntu resolute-security/restricted Icons (64x64@2) [29 B]
获取:18 http://mirrors.bfsu.edu.cn/ubuntu resolute-security/restricted amd64 c-n-f Metadata [396 B]
获取:19 http://mirrors.bfsu.edu.cn/ubuntu resolute-security/universe amd64 Packages [172 kB]
获取:20 http://mirrors.bfsu.edu.cn/ubuntu resolute-security/universe Translation-en [54.4 kB]
获取:21 http://mirrors.tuna.tsinghua.edu.cn/ubuntu resolute/main amd64 Packages [1,480 kB]
获取:22 http://mirrors.bfsu.edu.cn/ubuntu resolute-security/universe amd64 Components [43.4 kB]
获取:23 http://mirrors.bfsu.edu.cn/ubuntu resolute-security/universe Icons (48x48) [16.1 kB]
获取:24 http://mirrors.bfsu.edu.cn/ubuntu resolute-security/universe Icons (64x64) [25.3 kB]
获取:25 http://mirrors.bfsu.edu.cn/ubuntu resolute-security/universe Icons (64x64@2) [29 B]
获取:26 http://mirrors.bfsu.edu.cn/ubuntu resolute-security/universe amd64 c-n-f Metadata [3,552 B]
获取:27 http://mirrors.bfsu.edu.cn/ubuntu resolute-security/multiverse amd64 Packages [10.8 kB]
获取:28 http://mirrors.bfsu.edu.cn/ubuntu resolute-security/multiverse Translation-en [2,844 B]
获取:29 http://mirrors.bfsu.edu.cn/ubuntu resolute-security/multiverse amd64 Components [212 B]
获取:30 http://mirrors.bfsu.edu.cn/ubuntu resolute-security/multiverse Icons (48x48) [29 B]
获取:31 http://mirrors.bfsu.edu.cn/ubuntu resolute-security/multiverse Icons (64x64) [29 B]
获取:32 http://mirrors.bfsu.edu.cn/ubuntu resolute-security/multiverse Icons (64x64@2) [29 B]
获取:33 http://mirrors.bfsu.edu.cn/ubuntu resolute-security/multiverse amd64 c-n-f Metadata [120 B]
获取:34 http://mirrors.tuna.tsinghua.edu.cn/ubuntu resolute/main Translation-en [524 kB]
获取:35 http://mirrors.tuna.tsinghua.edu.cn/ubuntu resolute/main amd64 Components [395 kB]
获取:36 http://mirrors.tuna.tsinghua.edu.cn/ubuntu resolute/main Icons (48x48) [82.8 kB]
获取:37 http://mirrors.tuna.tsinghua.edu.cn/ubuntu resolute/main Icons (64x64) [117 kB]
获取:38 http://mirrors.tuna.tsinghua.edu.cn/ubuntu resolute/main Icons (64x64@2) [33.5 kB]
获取:39 http://mirrors.tuna.tsinghua.edu.cn/ubuntu resolute/main amd64 c-n-f Metadata [32.4 kB]
获取:40 http://mirrors.tuna.tsinghua.edu.cn/ubuntu resolute/restricted amd64 Packages [152 kB]
获取:41 http://mirrors.tuna.tsinghua.edu.cn/ubuntu resolute/restricted Translation-en [25.8 kB]
获取:42 http://mirrors.tuna.tsinghua.edu.cn/ubuntu resolute/restricted amd64 Components [556 B]
获取:43 http://mirrors.tuna.tsinghua.edu.cn/ubuntu resolute/restricted Icons (48x48) [29 B]
获取:44 http://mirrors.tuna.tsinghua.edu.cn/ubuntu resolute/restricted Icons (64x64) [29 B]
获取:45 http://mirrors.tuna.tsinghua.edu.cn/ubuntu resolute/restricted Icons (64x64@2) [29 B]
获取:46 http://mirrors.tuna.tsinghua.edu.cn/ubuntu resolute/restricted amd64 c-n-f Metadata [388 B]
获取:47 http://mirrors.tuna.tsinghua.edu.cn/ubuntu resolute/universe amd64 Packages [16.0 MB]
获取:48 http://mirrors.tuna.tsinghua.edu.cn/ubuntu resolute/universe Translation-en [6,329 kB]
获取:49 http://mirrors.tuna.tsinghua.edu.cn/ubuntu resolute/universe amd64 Components [4,556 kB]
获取:50 http://mirrors.tuna.tsinghua.edu.cn/ubuntu resolute/universe Icons (48x48) [3,633 kB]
获取:51 http://mirrors.tuna.tsinghua.edu.cn/ubuntu resolute/universe Icons (64x64) [7,483 kB]
获取:52 http://mirrors.tuna.tsinghua.edu.cn/ubuntu resolute/universe Icons (64x64@2) [122 kB]
获取:53 http://mirrors.tuna.tsinghua.edu.cn/ubuntu resolute/universe amd64 c-n-f Metadata [313 kB]
获取:54 http://mirrors.tuna.tsinghua.edu.cn/ubuntu resolute/multiverse amd64 Packages [290 kB]
获取:55 http://mirrors.tuna.tsinghua.edu.cn/ubuntu resolute/multiverse Translation-en [127 kB]
获取:56 http://mirrors.tuna.tsinghua.edu.cn/ubuntu resolute/multiverse amd64 Components [50.0 kB]
获取:57 http://mirrors.tuna.tsinghua.edu.cn/ubuntu resolute/multiverse Icons (48x48) [76.4 kB]
获取:58 http://mirrors.tuna.tsinghua.edu.cn/ubuntu resolute/multiverse Icons (64x64) [179 kB]
获取:59 http://mirrors.tuna.tsinghua.edu.cn/ubuntu resolute/multiverse Icons (64x64@2) [904 B]
获取:60 http://mirrors.tuna.tsinghua.edu.cn/ubuntu resolute/multiverse amd64 c-n-f Metadata [8,276 B]
获取:61 http://mirrors.tuna.tsinghua.edu.cn/ubuntu resolute-updates/main amd64 Packages [604 kB]
获取:62 http://mirrors.tuna.tsinghua.edu.cn/ubuntu resolute-updates/main Translation-en [144 kB]
获取:63 http://mirrors.tuna.tsinghua.edu.cn/ubuntu resolute-updates/main amd64 Components [97.8 kB]
获取:64 http://mirrors.tuna.tsinghua.edu.cn/ubuntu resolute-updates/main Icons (48x48) [28.8 kB]
获取:65 http://mirrors.tuna.tsinghua.edu.cn/ubuntu resolute-updates/main Icons (64x64) [39.7 kB]
获取:66 http://mirrors.tuna.tsinghua.edu.cn/ubuntu resolute-updates/main Icons (64x64@2) [29 B]
获取:67 http://mirrors.tuna.tsinghua.edu.cn/ubuntu resolute-updates/main amd64 c-n-f Metadata [5,756 B]
获取:68 http://mirrors.tuna.tsinghua.edu.cn/ubuntu resolute-updates/restricted amd64 Packages [409 kB]
获取:69 http://mirrors.tuna.tsinghua.edu.cn/ubuntu resolute-updates/restricted Translation-en [79.5 kB]
获取:70 http://mirrors.tuna.tsinghua.edu.cn/ubuntu resolute-updates/restricted amd64 Components [212 B]
获取:71 http://mirrors.tuna.tsinghua.edu.cn/ubuntu resolute-updates/restricted Icons (48x48) [29 B]
获取:72 http://mirrors.tuna.tsinghua.edu.cn/ubuntu resolute-updates/restricted Icons (64x64) [29 B]
获取:73 http://mirrors.tuna.tsinghua.edu.cn/ubuntu resolute-updates/restricted Icons (64x64@2) [29 B]
获取:74 http://mirrors.tuna.tsinghua.edu.cn/ubuntu resolute-updates/restricted amd64 c-n-f Metadata [392 B]
获取:75 http://mirrors.tuna.tsinghua.edu.cn/ubuntu resolute-updates/universe amd64 Packages [286 kB]
获取:76 http://mirrors.tuna.tsinghua.edu.cn/ubuntu resolute-updates/universe Translation-en [91.4 kB]
获取:77 http://mirrors.tuna.tsinghua.edu.cn/ubuntu resolute-updates/universe amd64 Components [188 kB]
获取:78 http://mirrors.tuna.tsinghua.edu.cn/ubuntu resolute-updates/universe Icons (48x48) [51.9 kB]
获取:79 http://mirrors.tuna.tsinghua.edu.cn/ubuntu resolute-updates/universe Icons (64x64) [89.3 kB]
获取:80 http://mirrors.tuna.tsinghua.edu.cn/ubuntu resolute-updates/universe Icons (64x64@2) [29 B]
获取:81 http://mirrors.tuna.tsinghua.edu.cn/ubuntu resolute-updates/universe amd64 c-n-f Metadata [4,704 B]
获取:82 http://mirrors.tuna.tsinghua.edu.cn/ubuntu resolute-updates/multiverse amd64 Packages [11.6 kB]
获取:83 http://mirrors.tuna.tsinghua.edu.cn/ubuntu resolute-updates/multiverse Translation-en [3,036 B]
获取:84 http://mirrors.tuna.tsinghua.edu.cn/ubuntu resolute-updates/multiverse amd64 Components [216 B]
获取:85 http://mirrors.tuna.tsinghua.edu.cn/ubuntu resolute-updates/multiverse Icons (48x48) [29 B]
获取:86 http://mirrors.tuna.tsinghua.edu.cn/ubuntu resolute-updates/multiverse Icons (64x64) [29 B]
获取:87 http://mirrors.tuna.tsinghua.edu.cn/ubuntu resolute-updates/multiverse Icons (64x64@2) [29 B]
获取:88 http://mirrors.tuna.tsinghua.edu.cn/ubuntu resolute-updates/multiverse amd64 c-n-f Metadata [256 B]
获取:89 http://mirrors.tuna.tsinghua.edu.cn/ubuntu resolute-backports/main amd64 Components [212 B]
获取:90 http://mirrors.tuna.tsinghua.edu.cn/ubuntu resolute-backports/main Icons (48x48) [29 B]
获取:91 http://mirrors.tuna.tsinghua.edu.cn/ubuntu resolute-backports/main Icons (64x64) [29 B]
获取:92 http://mirrors.tuna.tsinghua.edu.cn/ubuntu resolute-backports/main Icons (64x64@2) [29 B]
获取:93 http://mirrors.tuna.tsinghua.edu.cn/ubuntu resolute-backports/main amd64 c-n-f Metadata [112 B]
获取:94 http://mirrors.tuna.tsinghua.edu.cn/ubuntu resolute-backports/restricted amd64 Components [216 B]
获取:95 http://mirrors.tuna.tsinghua.edu.cn/ubuntu resolute-backports/restricted Icons (48x48) [29 B]
获取:96 http://mirrors.tuna.tsinghua.edu.cn/ubuntu resolute-backports/restricted Icons (64x64) [29 B]
获取:97 http://mirrors.tuna.tsinghua.edu.cn/ubuntu resolute-backports/restricted Icons (64x64@2) [29 B]
获取:98 http://mirrors.tuna.tsinghua.edu.cn/ubuntu resolute-backports/restricted amd64 c-n-f Metadata [120 B]
获取:99 http://mirrors.tuna.tsinghua.edu.cn/ubuntu resolute-backports/universe amd64 Packages [3,132 B]
获取:100 http://mirrors.tuna.tsinghua.edu.cn/ubuntu resolute-backports/universe Translation-en [7,988 B]
获取:101 http://mirrors.tuna.tsinghua.edu.cn/ubuntu resolute-backports/universe amd64 Components [1,056 B]
获取:102 http://mirrors.tuna.tsinghua.edu.cn/ubuntu resolute-backports/universe Icons (48x48) [2,879 B]
获取:103 http://mirrors.tuna.tsinghua.edu.cn/ubuntu resolute-backports/universe Icons (64x64) [3,645 B]
获取:104 http://mirrors.tuna.tsinghua.edu.cn/ubuntu resolute-backports/universe Icons (64x64@2) [29 B]
获取:105 http://mirrors.tuna.tsinghua.edu.cn/ubuntu resolute-backports/universe amd64 c-n-f Metadata [116 B]
获取:106 http://mirrors.tuna.tsinghua.edu.cn/ubuntu resolute-backports/multiverse amd64 Components [216 B]
获取:107 http://mirrors.tuna.tsinghua.edu.cn/ubuntu resolute-backports/multiverse Icons (48x48) [29 B]
获取:108 http://mirrors.tuna.tsinghua.edu.cn/ubuntu resolute-backports/multiverse Icons (64x64) [29 B]
获取:109 http://mirrors.tuna.tsinghua.edu.cn/ubuntu resolute-backports/multiverse Icons (64x64@2) [29 B]
获取:110 http://mirrors.tuna.tsinghua.edu.cn/ubuntu resolute-backports/multiverse amd64 c-n-f Metadata [120 B]
已下载 46.2 MB，耗时 38秒 (1,227 kB/s)
正在读取软件包列表...
正在分析软件包的依赖关系树...
正在读取状态信息...
有 153 个软件包可以升级。请执行 ‘apt list --upgradable’ 来查看它们。
